Processing nanoatmega328 (platform: atmelavr; board: nanoatmega328; framework: arduino)
--------------------------------------------------------------------------------
Verbose mode can be enabled via `-v, --verbose` option
CONFIGURATION: https://docs.platformio.org/page/boards/atmelavr/nanoatmega328.html
PLATFORM: Atmel AVR (5.1.0) > Arduino Nano ATmega328
HARDWARE: ATMEGA328P 16MHz, 2KB RAM, 30KB Flash
DEBUG: Current (avr-stub) External (avr-stub, simavr)
PACKAGES: 
 - framework-arduino-avr @ 5.2.0 
 - toolchain-atmelavr @ 1.70300.191015 (7.3.0)
LDF: Library Dependency Finder -> https://bit.ly/configure-pio-ldf
LDF Modes: Finder ~ chain, Compatibility ~ soft
Found 9 compatible libraries
Scanning dependencies...
Dependency Graph
|-- Servo @ 1.3.0
|-- MPU6050_tockn @ 1.5.2
|-- ezLED @ 1.0.1
|-- OneButton @ 2.6.1
|-- EEPROM @ 2.0
Building in release mode
Checking size .pio\build\nanoatmega328\firmware.elf
Advanced Memory Usage is available via "PlatformIO Home > Project Inspect"
RAM:   [======    ]  58.3% (used 1195 bytes from 2048 bytes)
Flash: [========  ]  77.0% (used 23646 bytes from 30720 bytes)
========================= [SUCCESS] Took 3.52 seconds =========================

Processing unit (platform: native; board: native_custom)
--------------------------------------------------------------------------------
Verbose mode can be enabled via `-v, --verbose` option
CONFIGURATION: https://docs.platformio.org/page/boards/native/native_custom.html
PLATFORM: Native (1.2.1) > Native (custom)
HARDWARE: 0MHz, 1B RAM, 1B Flash
LDF: Library Dependency Finder -> https://bit.ly/configure-pio-ldf
LDF Modes: Finder ~ chain, Compatibility ~ soft
Found 0 compatible libraries
Scanning dependencies...
No dependencies
Building in release mode
Compiling .pio\build\unit\src\_root_includes.o
Compiling .pio\build\unit\src\main.o
Compiling .pio\build\unit\src\utils.o
pio : *** [.pio\build\unit\src\_root_includes.o] Error 1
At line:1 char:1
+ pio run > build_error.log 2>&1
+ ~~~~~~~~~~~~~~~~~~~~~~~~~~~~~~
    + CategoryInfo          : NotSpecified: (*** [.pio\build...udes.o] Error 1:String) [], RemoteException
    + FullyQualifiedErrorId : NativeCommandError
 
*** [.pio\build\unit\src\main.o] Error 1
*** [.pio\build\unit\src\utils.o] Error 1
========================== [FAILED] Took 2.94 seconds ==========================

Environment    Status    Duration
-------------  --------  ------------
nanoatmega328  SUCCESS   00:00:03.522
unit           FAILED    00:00:02.940
==================== 1 failed, 1 succeeded in 00:00:06.461 ====================
